../Core/Src/main.c:110:5:main	32	static
../Core/Src/main.c:178:6:SystemClock_Config	88	static
../Core/Src/main.c:216:13:MX_ADC_Init	24	static
../Core/Src/main.c:316:13:MX_CAN_Init	8	static
../Core/Src/main.c:351:13:MX_GPIO_Init	48	static
../Core/Src/main.c:381:6:Heartbeat_Task	8	static
../Core/Src/main.c:396:13:Test_Can_Task	40	static
../Core/Src/main.c:424:6:HAL_CAN_TxMailbox0CompleteCallback	16	static
../Core/Src/main.c:429:6:HAL_CAN_TxMailbox1CompleteCallback	16	static
../Core/Src/main.c:434:6:HAL_CAN_TxMailbox2CompleteCallback	16	static
../Core/Src/main.c:440:6:HAL_CAN_ErrorCallback	16	static
../Core/Src/main.c:453:6:Error_Handler	8	static,ignoring_inline_asm
